// Jest Snapshot v1, https://goo.gl/fbAQLP

exports[`should render 1`] = `
<div>
  <div
    data-testid="new-to-do-item"
  >
    <input
      data-testid="item-input"
      type="text"
      value=""
    />
    <button
      data-testid="add-button"
      type="button"
    >
      Add a new Item
    </button>
  </div>
</div>
`;
