// Jest Snapshot v1, https://goo.gl/fbAQLP

exports[`should render 1`] = `
<div>
  <div
    class="list-container"
    data-testid="list-container"
  >
    <h4
      class="list-title"
      data-testid="list-title"
    >
      Make a to do list work!
    </h4>
    <ul
      class="list-list"
      data-testid="list-list"
    >
      <li
        data-testid="to-do-item"
      >
        <input
          data-testid="item-checkbox"
          type="checkbox"
        />
         
        Show the items in the list
      </li>
      <li
        data-testid="to-do-item"
      >
        <input
          data-testid="item-checkbox"
          type="checkbox"
        />
         
        Check off an item
      </li>
      <li
        data-testid="to-do-item"
      >
        <input
          data-testid="item-checkbox"
          type="checkbox"
        />
         
        Add a new item to the list
      </li>
      <li
        data-testid="to-do-item"
      >
        <input
          data-testid="item-checkbox"
          type="checkbox"
        />
         
        Optional: make it look like I want to
      </li>
    </ul>
    <div
      data-testid="new-to-do-item"
    >
      <input
        data-testid="item-input"
        type="text"
        value=""
      />
      <button
        data-testid="add-button"
        type="button"
      >
        Add a new Item
      </button>
    </div>
  </div>
</div>
`;
